Analysis & Elaboration report for test
Sun Jun 30 09:17:44 2024
Quartus II 64-Bit Version 13.1.0 Build 162 10/23/2013 SJ Web Edition


---------------------
; Table of Contents ;
---------------------
  1. Legal Notice
  2. Analysis & Elaboration Summary
  3. Parallel Compilation
  4. Parameter Settings for User Entity Instance: traffic_controller:dut
  5. Analysis & Elaboration Settings
  6. Port Connectivity Checks: "traffic_controller:dut"
  7. Analysis & Elaboration Messages



----------------
; Legal Notice ;
----------------
Copyright (C) 1991-2013 Altera Corporation
Your use of Altera Corporation's design tools, logic functions 
and other software and tools, and its AMPP partner logic 
functions, and any output files from any of the foregoing 
(including device programming or simulation files), and any 
associated documentation or information are expressly subject 
to the terms and conditions of the Altera Program License 
Subscription Agreement, Altera MegaCore Function License 
Agreement, or other applicable license agreement, including, 
without limitation, that your use is for the sole purpose of 
programming logic devices manufactured by Altera and sold by 
Altera or its authorized distributors.  Please refer to the 
applicable agreement for further details.



+---------------------------------------------------------------------------------+
; Analysis & Elaboration Summary                                                  ;
+------------------------------------+--------------------------------------------+
; Analysis & Elaboration Status      ; Successful - Sun Jun 30 09:17:44 2024      ;
; Quartus II 64-Bit Version          ; 13.1.0 Build 162 10/23/2013 SJ Web Edition ;
; Revision Name                      ; test                                       ;
; Top-level Entity Name              ; tb_traffic_controller                      ;
; Family                             ; Cyclone IV GX                              ;
; Total logic elements               ; N/A until Partition Merge                  ;
;     Total combinational functions  ; N/A until Partition Merge                  ;
;     Dedicated logic registers      ; N/A until Partition Merge                  ;
; Total registers                    ; N/A until Partition Merge                  ;
; Total pins                         ; N/A until Partition Merge                  ;
; Total virtual pins                 ; N/A until Partition Merge                  ;
; Total memory bits                  ; N/A until Partition Merge                  ;
; Embedded Multiplier 9-bit elements ; N/A until Partition Merge                  ;
; Total GXB Receiver Channel PCS     ; N/A until Partition Merge                  ;
; Total GXB Receiver Channel PMA     ; N/A until Partition Merge                  ;
; Total GXB Transmitter Channel PCS  ; N/A until Partition Merge                  ;
; Total GXB Transmitter Channel PMA  ; N/A until Partition Merge                  ;
; Total PLLs                         ; N/A until Partition Merge                  ;
+------------------------------------+--------------------------------------------+


+------------------------------------------+
; Parallel Compilation                     ;
+----------------------------+-------------+
; Processors                 ; Number      ;
+----------------------------+-------------+
; Number detected on machine ; 8           ;
; Maximum allowed            ; 4           ;
;                            ;             ;
; Average used               ; 1.00        ;
; Maximum used               ; 1           ;
;                            ;             ;
; Usage by Processor         ; % Time Used ;
;     Processor 1            ; 100.0%      ;
;     Processors 2-8         ;   0.0%      ;
+----------------------------+-------------+


+---------------------------------------------------------------------+
; Parameter Settings for User Entity Instance: traffic_controller:dut ;
+--------------------+-----------------------------+------------------+
; Parameter Name     ; Value                       ; Type             ;
+--------------------+-----------------------------+------------------+
; PHASE1             ; 000                         ; Unsigned Binary  ;
; PHASE2             ; 001                         ; Unsigned Binary  ;
; PHASE3             ; 010                         ; Unsigned Binary  ;
; RED                ; 100                         ; Unsigned Binary  ;
; YELLOW             ; 010                         ; Unsigned Binary  ;
; GREEN              ; 001                         ; Unsigned Binary  ;
; RED_YELLOW         ; 110                         ; Unsigned Binary  ;
; RY                 ; 00                          ; Unsigned Binary  ;
; G                  ; 01                          ; Unsigned Binary  ;
; Y                  ; 10                          ; Unsigned Binary  ;
; R                  ; 11                          ; Unsigned Binary  ;
; COUNT_THRESHOLD_RY ; 000000000000000000000000101 ; Unsigned Binary  ;
; COUNT_THRESHOLD_G  ; 000000000000000000000010100 ; Unsigned Binary  ;
; COUNT_THRESHOLD_Y  ; 000000000000000000000000101 ; Unsigned Binary  ;
; COUNT_THRESHOLD_R  ; 000000000000000000000000101 ; Unsigned Binary  ;
+--------------------+-----------------------------+------------------+
Note: In order to hide this table in the UI and the text report file, please set the "Show Parameter Settings in Synthesis Report" option in "Analysis and Synthesis Settings -> More Settings" to "Off".


+-------------------------------------------------------------------------------------------------------------------------+
; Analysis & Elaboration Settings                                                                                         ;
+----------------------------------------------------------------------------+-----------------------+--------------------+
; Option                                                                     ; Setting               ; Default Value      ;
+----------------------------------------------------------------------------+-----------------------+--------------------+
; Top-level entity name                                                      ; tb_traffic_controller ; test               ;
; Family name                                                                ; Cyclone IV GX         ; Cyclone IV GX      ;
; Use smart compilation                                                      ; Off                   ; Off                ;
; Enable parallel Assembler and TimeQuest Timing Analyzer during compilation ; On                    ; On                 ;
; Enable compact report table                                                ; Off                   ; Off                ;
; Restructure Multiplexers                                                   ; Auto                  ; Auto               ;
; Create Debugging Nodes for IP Cores                                        ; Off                   ; Off                ;
; Preserve fewer node names                                                  ; On                    ; On                 ;
; Disable OpenCore Plus hardware evaluation                                  ; Off                   ; Off                ;
; Verilog Version                                                            ; Verilog_2001          ; Verilog_2001       ;
; VHDL Version                                                               ; VHDL_1993             ; VHDL_1993          ;
; State Machine Processing                                                   ; Auto                  ; Auto               ;
; Safe State Machine                                                         ; Off                   ; Off                ;
; Extract Verilog State Machines                                             ; On                    ; On                 ;
; Extract VHDL State Machines                                                ; On                    ; On                 ;
; Ignore Verilog initial constructs                                          ; Off                   ; Off                ;
; Iteration limit for constant Verilog loops                                 ; 5000                  ; 5000               ;
; Iteration limit for non-constant Verilog loops                             ; 250                   ; 250                ;
; Add Pass-Through Logic to Inferred RAMs                                    ; On                    ; On                 ;
; Infer RAMs from Raw Logic                                                  ; On                    ; On                 ;
; Parallel Synthesis                                                         ; On                    ; On                 ;
; DSP Block Balancing                                                        ; Auto                  ; Auto               ;
; NOT Gate Push-Back                                                         ; On                    ; On                 ;
; Power-Up Don't Care                                                        ; On                    ; On                 ;
; Remove Redundant Logic Cells                                               ; Off                   ; Off                ;
; Remove Duplicate Registers                                                 ; On                    ; On                 ;
; Ignore CARRY Buffers                                                       ; Off                   ; Off                ;
; Ignore CASCADE Buffers                                                     ; Off                   ; Off                ;
; Ignore GLOBAL Buffers                                                      ; Off                   ; Off                ;
; Ignore ROW GLOBAL Buffers                                                  ; Off                   ; Off                ;
; Ignore LCELL Buffers                                                       ; Off                   ; Off                ;
; Ignore SOFT Buffers                                                        ; On                    ; On                 ;
; Limit AHDL Integers to 32 Bits                                             ; Off                   ; Off                ;
; Optimization Technique                                                     ; Balanced              ; Balanced           ;
; Carry Chain Length                                                         ; 70                    ; 70                 ;
; Auto Carry Chains                                                          ; On                    ; On                 ;
; Auto Open-Drain Pins                                                       ; On                    ; On                 ;
; Perform WYSIWYG Primitive Resynthesis                                      ; Off                   ; Off                ;
; Auto ROM Replacement                                                       ; On                    ; On                 ;
; Auto RAM Replacement                                                       ; On                    ; On                 ;
; Auto DSP Block Replacement                                                 ; On                    ; On                 ;
; Auto Shift Register Replacement                                            ; Auto                  ; Auto               ;
; Allow Shift Register Merging across Hierarchies                            ; Auto                  ; Auto               ;
; Auto Clock Enable Replacement                                              ; On                    ; On                 ;
; Strict RAM Replacement                                                     ; Off                   ; Off                ;
; Allow Synchronous Control Signals                                          ; On                    ; On                 ;
; Force Use of Synchronous Clear Signals                                     ; Off                   ; Off                ;
; Auto RAM Block Balancing                                                   ; On                    ; On                 ;
; Auto RAM to Logic Cell Conversion                                          ; Off                   ; Off                ;
; Auto Resource Sharing                                                      ; Off                   ; Off                ;
; Allow Any RAM Size For Recognition                                         ; Off                   ; Off                ;
; Allow Any ROM Size For Recognition                                         ; Off                   ; Off                ;
; Allow Any Shift Register Size For Recognition                              ; Off                   ; Off                ;
; Use LogicLock Constraints during Resource Balancing                        ; On                    ; On                 ;
; Ignore translate_off and synthesis_off directives                          ; Off                   ; Off                ;
; Timing-Driven Synthesis                                                    ; On                    ; On                 ;
; Report Parameter Settings                                                  ; On                    ; On                 ;
; Report Source Assignments                                                  ; On                    ; On                 ;
; Report Connectivity Checks                                                 ; On                    ; On                 ;
; Ignore Maximum Fan-Out Assignments                                         ; Off                   ; Off                ;
; Synchronization Register Chain Length                                      ; 2                     ; 2                  ;
; PowerPlay Power Optimization                                               ; Normal compilation    ; Normal compilation ;
; HDL message level                                                          ; Level2                ; Level2             ;
; Suppress Register Optimization Related Messages                            ; Off                   ; Off                ;
; Number of Removed Registers Reported in Synthesis Report                   ; 5000                  ; 5000               ;
; Number of Swept Nodes Reported in Synthesis Report                         ; 5000                  ; 5000               ;
; Number of Inverted Registers Reported in Synthesis Report                  ; 100                   ; 100                ;
; Clock MUX Protection                                                       ; On                    ; On                 ;
; Auto Gated Clock Conversion                                                ; Off                   ; Off                ;
; Block Design Naming                                                        ; Auto                  ; Auto               ;
; SDC constraint protection                                                  ; Off                   ; Off                ;
; Synthesis Effort                                                           ; Auto                  ; Auto               ;
; Shift Register Replacement - Allow Asynchronous Clear Signal               ; On                    ; On                 ;
; Pre-Mapping Resynthesis Optimization                                       ; Off                   ; Off                ;
; Analysis & Synthesis Message Level                                         ; Medium                ; Medium             ;
; Disable Register Merging Across Hierarchies                                ; Auto                  ; Auto               ;
; Resource Aware Inference For Block RAM                                     ; On                    ; On                 ;
; Synthesis Seed                                                             ; 1                     ; 1                  ;
+----------------------------------------------------------------------------+-----------------------+--------------------+


+------------------------------------------------------------------------------------------------------------------+
; Port Connectivity Checks: "traffic_controller:dut"                                                               ;
+--------+--------+----------+-------------------------------------------------------------------------------------+
; Port   ; Type   ; Severity ; Details                                                                             ;
+--------+--------+----------+-------------------------------------------------------------------------------------+
; w_to_e ; Output ; Info     ; Connected to dangling logic. Logic that only feeds a dangling port will be removed. ;
; w_to_n ; Output ; Info     ; Connected to dangling logic. Logic that only feeds a dangling port will be removed. ;
; e_to_w ; Output ; Info     ; Connected to dangling logic. Logic that only feeds a dangling port will be removed. ;
; e_to_n ; Output ; Info     ; Connected to dangling logic. Logic that only feeds a dangling port will be removed. ;
; n_to_e ; Output ; Info     ; Connected to dangling logic. Logic that only feeds a dangling port will be removed. ;
; n_to_w ; Output ; Info     ; Connected to dangling logic. Logic that only feeds a dangling port will be removed. ;
+--------+--------+----------+-------------------------------------------------------------------------------------+


+---------------------------------+
; Analysis & Elaboration Messages ;
+---------------------------------+
Info: *******************************************************************
Info: Running Quartus II 64-Bit Analysis & Elaboration
    Info: Version 13.1.0 Build 162 10/23/2013 SJ Web Edition
    Info: Processing started: Sun Jun 30 09:17:44 2024
Info: Command: quartus_map --read_settings_files=on --write_settings_files=off test -c test --analysis_and_elaboration
Info (11104): Parallel Compilation has detected 8 hyper-threaded processors. However, the extra hyper-threaded processors will not be used by default. Parallel Compilation will use 4 of the 4 physical processors detected instead.
Info (12021): Found 1 design units, including 1 entities, in source file traffic_controller.v
    Info (12023): Found entity 1: traffic_controller
Info (12021): Found 1 design units, including 1 entities, in source file tb_traffic_controller.v
    Info (12023): Found entity 1: tb_traffic_controller
Info (12127): Elaborating entity "tb_traffic_controller" for the top level hierarchy
Warning (10755): Verilog HDL warning at tb_traffic_controller.v(34): assignments to clk create a combinational loop
Warning (10175): Verilog HDL warning at tb_traffic_controller.v(52): ignoring unsupported system task
Info (12128): Elaborating entity "traffic_controller" for hierarchy "traffic_controller:dut"
Warning (10230): Verilog HDL assignment warning at traffic_controller.v(54): truncated value with size 32 to match size of target (3)
Warning (10230): Verilog HDL assignment warning at traffic_controller.v(58): truncated value with size 32 to match size of target (2)
Warning (10230): Verilog HDL assignment warning at traffic_controller.v(67): truncated value with size 32 to match size of target (27)
Warning (10270): Verilog HDL Case Statement warning at traffic_controller.v(82): incomplete case statement has no default case item
Warning (12011): Net is missing source, defaulting to GND
    Warning (12110): Net "clk" is missing source, defaulting to GND
Info: Quartus II 64-Bit Analysis & Elaboration was successful. 0 errors, 8 warnings
    Info: Peak virtual memory: 4662 megabytes
    Info: Processing ended: Sun Jun 30 09:17:44 2024
    Info: Elapsed time: 00:00:00
    Info: Total CPU time (on all processors): 00:00:00


